Line Addr Code 			Label 		  Mne 	Operand 	 Comments
1	 1 Code 			Label 		  Mne 	Operand 	 Comments
2	 2 Code 			Label 		  Mne 	Operand 	 Comments
3	 3 Code 			Label 		  Mne 	Operand 	 Comments
4	 4 Code 			Label 		  Mne 	Operand 	 Comments
5	 5 Code 			Label 		  Mne 	Operand 	 Comments
6	 6 Code 			Label 		  Mne 	Operand 	 Comments
7	 7 Code 			Label 		  Mne 	Operand 	 Comments
8	 8 Code 			Label 		  Mne 	Operand 	 Comments
9	 9 Code 			Label 		  Mne 	Operand 	 Comments
10	 a Code 			Label 		  Mne 	Operand 	 Comments
11	 b Code 			Label 		  Mne 	Operand 	 Comments
12	 c Code 			Label 		  Mne 	Operand 	 Comments
13	 d Code 			Label 		  Mne 	Operand 	 Comments
14	 e Code 			Label 		  Mne 	Operand 	 Comments
15	 f Code 			Label 		  Mne 	Operand 	 Comments
16	 10 Code 			Label 		  Mne 	Operand 	 Comments
17	 11 Code 			Label 		  Mne 	Operand 	 Comments
18	 12 Code 			Label 		  Mne 	Operand 	 Comments
19	 13 Code 			Label 		  Mne 	Operand 	 Comments
20	 14 Code 			Label 		  Mne 	Operand 	 Comments
21	 15 Code 			Label 		  Mne 	Operand 	 Comments
22	 16 Code 			Label 		  Mne 	Operand 	 Comments
23	 17 Code 			Label 		  Mne 	Operand 	 Comments
24	 18 Code 			Label 		  Mne 	Operand 	 Comments
25	 19 Code 			Label 		  Mne 	Operand 	 Comments
